exports[`parseModule should parse a createClass component 1`] = `
Object {
  "comments": null,
  "loc": Object {
    "end": Object {
      "column": 0,
      "line": 29,
    },
    "indent": 0,
    "lines": Lines {},
    "start": Object {
      "column": 0,
      "line": 1,
    },
  },
  "program": Program {
    "body": Array [
      ImportDeclaration {
        "loc": Object {
          "end": Object {
            "column": 26,
            "line": 1,
          },
          "indent": 0,
          "lines": Lines {},
          "start": Object {
            "column": 0,
            "line": 1,
          },
        },
        "source": Literal {
          "loc": Object {
            "end": Object {
              "column": 25,
              "line": 1,
            },
            "indent": 0,
            "lines": Lines {},
            "start": Object {
              "column": 18,
              "line": 1,
            },
          },
          "raw": "\'react\'",
          "type": "Literal",
          "value": "react",
        },
        "specifiers": Array [
          ImportDefaultSpecifier {
            "loc": Object {
              "end": Object {
                "column": 12,
                "line": 1,
              },
              "indent": 0,
              "lines": Lines {},
              "start": Object {
                "column": 7,
                "line": 1,
              },
            },
            "local": Identifier {
              "loc": Object {
                "end": Object {
                  "column": 12,
                  "line": 1,
                },
                "indent": 0,
                "lines": Lines {},
                "start": Object {
                  "column": 7,
                  "line": 1,
                },
              },
              "name": "React",
              "type": "Identifier",
            },
            "type": "ImportDefaultSpecifier",
          },
        ],
        "type": "ImportDeclaration",
      },
      VariableDeclaration {
        "declarations": Array [
          VariableDeclarator {
            "id": Identifier {
              "loc": Object {
                "end": Object {
                  "column": 12,
                  "line": 3,
                },
                "indent": 0,
                "lines": Lines {},
                "start": Object {
                  "column": 6,
                  "line": 3,
                },
              },
              "name": "Button",
              "type": "Identifier",
            },
            "init": CallExpression {
              "arguments": Array [
                ObjectExpression {
                  "loc": Object {
                    "end": Object {
                      "column": 1,
                      "line": 26,
                    },
                    "indent": 0,
                    "lines": Lines {},
                    "start": Object {
                      "column": 33,
                      "line": 3,
                    },
                  },
                  "properties": Array [
                    Property {
                      "computed": false,
                      "key": Identifier {
                        "loc": Object {
                          "end": Object {
                            "column": 11,
                            "line": 4,
                          },
                          "indent": 2,
                          "lines": Lines {},
                          "start": Object {
                            "column": 2,
                            "line": 4,
                          },
                        },
                        "name": "propTypes",
                        "type": "Identifier",
                      },
                      "kind": "init",
                      "loc": Object {
                        "end": Object {
                          "column": 3,
                          "line": 11,
                        },
                        "indent": 2,
                        "lines": Lines {},
                        "start": Object {
                          "column": 2,
                          "line": 4,
                        },
                      },
                      "method": false,
                      "shorthand": false,
                      "type": "Property",
                      "value": ObjectExpression {
                        "loc": Object {
                          "end": Object {
                            "column": 3,
                            "line": 11,
                          },
                          "indent": 2,
                          "lines": Lines {},
                          "start": Object {
                            "column": 13,
                            "line": 4,
                          },
                        },
                        "properties": Array [
                          Property {
                            "computed": false,
                            "key": Identifier {
                              "loc": Object {
                                "end": Object {
                                  "column": 9,
                                  "line": 5,
                                },
                                "indent": 4,
                                "lines": Lines {},
                                "start": Object {
                                  "column": 4,
                                  "line": 5,
                                },
                              },
                              "name": "level",
                              "type": "Identifier",
                            },
                            "kind": "init",
                            "loc": Object {
                              "end": Object {
                                "column": 6,
                                "line": 7,
                              },
                              "indent": 4,
                              "lines": Lines {},
                              "start": Object {
                                "column": 4,
                                "line": 5,
                              },
                            },
                            "method": false,
                            "shorthand": false,
                            "type": "Property",
                            "value": CallExpression {
                              "arguments": Array [
                                ArrayExpression {
                                  "elements": Array [
                                    Literal {
                                      "loc": Object {
                                        "end": Object {
                                          "column": 15,
                                          "line": 6,
                                        },
                                        "indent": 6,
                                        "lines": Lines {},
                                        "start": Object {
                                          "column": 6,
                                          "line": 6,
                                        },
                                      },
                                      "raw": "\'primary\'",
                                      "type": "Literal",
                                      "value": "primary",
                                    },
                                    Literal {
                                      "loc": Object {
                                        "end": Object {
                                          "column": 28,
                                          "line": 6,
                                        },
                                        "indent": 4,
                                        "lines": Lines {},
                                        "start": Object {
                                          "column": 17,
                                          "line": 6,
                                        },
                                      },
                                      "raw": "\'secondary\'",
                                      "type": "Literal",
                                      "value": "secondary",
                                    },
                                    Literal {
                                      "loc": Object {
                                        "end": Object {
                                          "column": 40,
                                          "line": 6,
                                        },
                                        "indent": 4,
                                        "lines": Lines {},
                                        "start": Object {
                                          "column": 30,
                                          "line": 6,
                                        },
                                      },
                                      "raw": "\'tertiary\'",
                                      "type": "Literal",
                                      "value": "tertiary",
                                    },
                                    Literal {
                                      "loc": Object {
                                        "end": Object {
                                          "column": 54,
                                          "line": 6,
                                        },
                                        "indent": 4,
                                        "lines": Lines {},
                                        "start": Object {
                                          "column": 42,
                                          "line": 6,
                                        },
                                      },
                                      "raw": "\'quaternary\'",
                                      "type": "Literal",
                                      "value": "quaternary",
                                    },
                                    Literal {
                                      "loc": Object {
                                        "end": Object {
                                          "column": 62,
                                          "line": 6,
                                        },
                                        "indent": 4,
                                        "lines": Lines {},
                                        "start": Object {
                                          "column": 56,
                                          "line": 6,
                                        },
                                      },
                                      "raw": "\'text\'",
                                      "type": "Literal",
                                      "value": "text",
                                    },
                                    Literal {
                                      "loc": Object {
                                        "end": Object {
                                          "column": 70,
                                          "line": 6,
                                        },
                                        "indent": 4,
                                        "lines": Lines {},
                                        "start": Object {
                                          "column": 64,
                                          "line": 6,
                                        },
                                      },
                                      "raw": "\'icon\'",
                                      "type": "Literal",
                                      "value": "icon",
                                    },
                                  ],
                                  "loc": Object {
                                    "end": Object {
                                      "column": 5,
                                      "line": 7,
                                    },
                                    "indent": 4,
                                    "lines": Lines {},
                                    "start": Object {
                                      "column": 33,
                                      "line": 5,
                                    },
                                  },
                                  "type": "ArrayExpression",
                                },
                              ],
                              "callee": StaticMemberExpression {
                                "computed": false,
                                "loc": Object {
                                  "end": Object {
                                    "column": 32,
                                    "line": 5,
                                  },
                                  "indent": 4,
                                  "lines": Lines {},
                                  "start": Object {
                                    "column": 11,
                                    "line": 5,
                                  },
                                },
                                "object": StaticMemberExpression {
                                  "computed": false,
                                  "loc": Object {
                                    "end": Object {
                                      "column": 26,
                                      "line": 5,
                                    },
                                    "indent": 4,
                                    "lines": Lines {},
                                    "start": Object {
                                      "column": 11,
                                      "line": 5,
                                    },
                                  },
                                  "object": Identifier {
                                    "loc": Object {
                                      "end": Object {
                                        "column": 16,
                                        "line": 5,
                                      },
                                      "indent": 4,
                                      "lines": Lines {},
                                      "start": Object {
                                        "column": 11,
                                        "line": 5,
                                      },
                                    },
                                    "name": "React",
                                    "type": "Identifier",
                                  },
                                  "property": Identifier {
                                    "loc": Object {
                                      "end": Object {
                                        "column": 26,
                                        "line": 5,
                                      },
                                      "indent": 4,
                                      "lines": Lines {},
                                      "start": Object {
                                        "column": 17,
                                        "line": 5,
                                      },
                                    },
                                    "name": "PropTypes",
                                    "type": "Identifier",
                                  },
                                  "type": "MemberExpression",
                                },
                                "property": Identifier {
                                  "loc": Object {
                                    "end": Object {
                                      "column": 32,
                                      "line": 5,
                                    },
                                    "indent": 4,
                                    "lines": Lines {},
                                    "start": Object {
                                      "column": 27,
                                      "line": 5,
                                    },
                                  },
                                  "name": "oneOf",
                                  "type": "Identifier",
                                },
                                "type": "MemberExpression",
                              },
                              "loc": Object {
                                "end": Object {
                                  "column": 6,
                                  "line": 7,
                                },
                                "indent": 4,
                                "lines": Lines {},
                                "start": Object {
                                  "column": 11,
                                  "line": 5,
                                },
                              },
                              "type": "CallExpression",
                            },
                          },
                          Property {
                            "computed": false,
                            "key": Identifier {
                              "loc": Object {
                                "end": Object {
                                  "column": 12,
                                  "line": 8,
                                },
                                "indent": 4,
                                "lines": Lines {},
                                "start": Object {
                                  "column": 4,
                                  "line": 8,
                                },
                              },
                              "name": "disabled",
                              "type": "Identifier",
                            },
                            "kind": "init",
                            "loc": Object {
                              "end": Object {
                                "column": 34,
                                "line": 8,
                              },
                              "indent": 4,
                              "lines": Lines {},
                              "start": Object {
                                "column": 4,
                                "line": 8,
                              },
                            },
                            "method": false,
                            "shorthand": false,
                            "type": "Property",
                            "value": StaticMemberExpression {
                              "computed": false,
                              "loc": Object {
                                "end": Object {
                                  "column": 34,
                                  "line": 8,
                                },
                                "indent": 4,
                                "lines": Lines {},
                                "start": Object {
                                  "column": 14,
                                  "line": 8,
                                },
                              },
                              "object": StaticMemberExpression {
                                "computed": false,
                                "loc": Object {
                                  "end": Object {
                                    "column": 29,
                                    "line": 8,
                                  },
                                  "indent": 4,
                                  "lines": Lines {},
                                  "start": Object {
                                    "column": 14,
                                    "line": 8,
                                  },
                                },
                                "object": Identifier {
                                  "loc": Object {
                                    "end": Object {
                                      "column": 19,
                                      "line": 8,
                                    },
                                    "indent": 4,
                                    "lines": Lines {},
                                    "start": Object {
                                      "column": 14,
                                      "line": 8,
                                    },
                                  },
                                  "name": "React",
                                  "type": "Identifier",
                                },
                                "property": Identifier {
                                  "loc": Object {
                                    "end": Object {
                                      "column": 29,
                                      "line": 8,
                                    },
                                    "indent": 4,
                                    "lines": Lines {},
                                    "start": Object {
                                      "column": 20,
                                      "line": 8,
                                    },
                                  },
                                  "name": "PropTypes",
                                  "type": "Identifier",
                                },
                                "type": "MemberExpression",
                              },
                              "property": Identifier {
                                "loc": Object {
                                  "end": Object {
                                    "column": 34,
                                    "line": 8,
                                  },
                                  "indent": 4,
                                  "lines": Lines {},
                                  "start": Object {
                                    "column": 30,
                                    "line": 8,
                                  },
                                },
                                "name": "bool",
                                "type": "Identifier",
                              },
                              "type": "MemberExpression",
                            },
                          },
                          Property {
                            "computed": false,
                            "key": Identifier {
                              "loc": Object {
                                "end": Object {
                                  "column": 9,
                                  "line": 9,
                                },
                                "indent": 4,
                                "lines": Lines {},
                                "start": Object {
                                  "column": 4,
                                  "line": 9,
                                },
                              },
                              "name": "label",
                              "type": "Identifier",
                            },
                            "kind": "init",
                            "loc": Object {
                              "end": Object {
                                "column": 33,
                                "line": 9,
                              },
                              "indent": 4,
                              "lines": Lines {},
                              "start": Object {
                                "column": 4,
                                "line": 9,
                              },
                            },
                            "method": false,
                            "shorthand": false,
                            "type": "Property",
                            "value": StaticMemberExpression {
                              "computed": false,
                              "loc": Object {
                                "end": Object {
                                  "column": 33,
                                  "line": 9,
                                },
                                "indent": 4,
                                "lines": Lines {},
                                "start": Object {
                                  "column": 11,
                                  "line": 9,
                                },
                              },
                              "object": StaticMemberExpression {
                                "computed": false,
                                "loc": Object {
                                  "end": Object {
                                    "column": 26,
                                    "line": 9,
                                  },
                                  "indent": 4,
                                  "lines": Lines {},
                                  "start": Object {
                                    "column": 11,
                                    "line": 9,
                                  },
                                },
                                "object": Identifier {
                                  "loc": Object {
                                    "end": Object {
                                      "column": 16,
                                      "line": 9,
                                    },
                                    "indent": 4,
                                    "lines": Lines {},
                                    "start": Object {
                                      "column": 11,
                                      "line": 9,
                                    },
                                  },
                                  "name": "React",
                                  "type": "Identifier",
                                },
                                "property": Identifier {
                                  "loc": Object {
                                    "end": Object {
                                      "column": 26,
                                      "line": 9,
                                    },
                                    "indent": 4,
                                    "lines": Lines {},
                                    "start": Object {
                                      "column": 17,
                                      "line": 9,
                                    },
                                  },
                                  "name": "PropTypes",
                                  "type": "Identifier",
                                },
                                "type": "MemberExpression",
                              },
                              "property": Identifier {
                                "loc": Object {
                                  "end": Object {
                                    "column": 33,
                                    "line": 9,
                                  },
                                  "indent": 4,
                                  "lines": Lines {},
                                  "start": Object {
                                    "column": 27,
                                    "line": 9,
                                  },
                                },
                                "name": "string",
                                "type": "Identifier",
                              },
                              "type": "MemberExpression",
                            },
                          },
                          Property {
                            "computed": false,
                            "key": Identifier {
                              "loc": Object {
                                "end": Object {
                                  "column": 10,
                                  "line": 10,
                                },
                                "indent": 4,
                                "lines": Lines {},
                                "start": Object {
                                  "column": 4,
                                  "line": 10,
                                },
                              },
                              "name": "height",
                              "type": "Identifier",
                            },
                            "kind": "init",
                            "loc": Object {
                              "end": Object {
                                "column": 34,
                                "line": 10,
                              },
                              "indent": 4,
                              "lines": Lines {},
                              "start": Object {
                                "column": 4,
                                "line": 10,
                              },
                            },
                            "method": false,
                            "shorthand": false,
                            "type": "Property",
                            "value": StaticMemberExpression {
                              "computed": false,
                              "loc": Object {
                                "end": Object {
                                  "column": 34,
                                  "line": 10,
                                },
                                "indent": 4,
                                "lines": Lines {},
                                "start": Object {
                                  "column": 12,
                                  "line": 10,
                                },
                              },
                              "object": StaticMemberExpression {
                                "computed": false,
                                "loc": Object {
                                  "end": Object {
                                    "column": 27,
                                    "line": 10,
                                  },
                                  "indent": 4,
                                  "lines": Lines {},
                                  "start": Object {
                                    "column": 12,
                                    "line": 10,
                                  },
                                },
                                "object": Identifier {
                                  "loc": Object {
                                    "end": Object {
                                      "column": 17,
                                      "line": 10,
                                    },
                                    "indent": 4,
                                    "lines": Lines {},
                                    "start": Object {
                                      "column": 12,
                                      "line": 10,
                                    },
                                  },
                                  "name": "React",
                                  "type": "Identifier",
                                },
                                "property": Identifier {
                                  "loc": Object {
                                    "end": Object {
                                      "column": 27,
                                      "line": 10,
                                    },
                                    "indent": 4,
                                    "lines": Lines {},
                                    "start": Object {
                                      "column": 18,
                                      "line": 10,
                                    },
                                  },
                                  "name": "PropTypes",
                                  "type": "Identifier",
                                },
                                "type": "MemberExpression",
                              },
                              "property": Identifier {
                                "loc": Object {
                                  "end": Object {
                                    "column": 34,
                                    "line": 10,
                                  },
                                  "indent": 4,
                                  "lines": Lines {},
                                  "start": Object {
                                    "column": 28,
                                    "line": 10,
                                  },
                                },
                                "name": "number",
                                "type": "Identifier",
                              },
                              "type": "MemberExpression",
                            },
                          },
                        ],
                        "type": "ObjectExpression",
                      },
                    },
                    Property {
                      "computed": false,
                      "key": Identifier {
                        "loc": Object {
                          "end": Object {
                            "column": 8,
                            "line": 13,
                          },
                          "indent": 2,
                          "lines": Lines {},
                          "start": Object {
                            "column": 2,
                            "line": 13,
                          },
                        },
                        "name": "_setup",
                        "type": "Identifier",
                      },
                      "kind": "init",
                      "loc": Object {
                        "end": Object {
                          "column": 3,
                          "line": 14,
                        },
                        "indent": 2,
                        "lines": Lines {},
                        "start": Object {
                          "column": 2,
                          "line": 13,
                        },
                      },
                      "method": true,
                      "shorthand": false,
                      "type": "Property",
                      "value": FunctionExpression {
                        "body": BlockStatement {
                          "body": Array [],
                          "loc": Object {
                            "end": Object {
                              "column": 3,
                              "line": 14,
                            },
                            "indent": 2,
                            "lines": Lines {},
                            "start": Object {
                              "column": 11,
                              "line": 13,
                            },
                          },
                          "type": "BlockStatement",
                        },
                        "expression": false,
                        "generator": false,
                        "id": null,
                        "loc": null,
                        "params": Array [],
                        "type": "FunctionExpression",
                      },
                    },
                    Property {
                      "computed": false,
                      "key": Identifier {
                        "loc": Object {
                          "end": Object {
                            "column": 6,
                            "line": 16,
                          },
                          "indent": 2,
                          "lines": Lines {},
                          "start": Object {
                            "column": 2,
                            "line": 16,
                          },
                        },
                        "name": "show",
                        "type": "Identifier",
                      },
                      "kind": "init",
                      "loc": Object {
                        "end": Object {
                          "column": 3,
                          "line": 17,
                        },
                        "indent": 2,
                        "lines": Lines {},
                        "start": Object {
                          "column": 2,
                          "line": 16,
                        },
                      },
                      "method": true,
                      "shorthand": false,
                      "type": "Property",
                      "value": FunctionExpression {
                        "body": BlockStatement {
                          "body": Array [],
                          "loc": Object {
                            "end": Object {
                              "column": 3,
                              "line": 17,
                            },
                            "indent": 2,
                            "lines": Lines {},
                            "start": Object {
                              "column": 9,
                              "line": 16,
                            },
                          },
                          "type": "BlockStatement",
                        },
                        "expression": false,
                        "generator": false,
                        "id": null,
                        "loc": null,
                        "params": Array [],
                        "type": "FunctionExpression",
                      },
                    },
                    Property {
                      "computed": false,
                      "key": Identifier {
                        "loc": Object {
                          "end": Object {
                            "column": 8,
                            "line": 19,
                          },
                          "indent": 2,
                          "lines": Lines {},
                          "start": Object {
                            "column": 2,
                            "line": 19,
                          },
                        },
                        "name": "render",
                        "type": "Identifier",
                      },
                      "kind": "init",
                      "loc": Object {
                        "end": Object {
                          "column": 3,
                          "line": 25,
                        },
                        "indent": 2,
                        "lines": Lines {},
                        "start": Object {
                          "column": 2,
                          "line": 19,
                        },
                      },
                      "method": true,
                      "shorthand": false,
                      "type": "Property",
                      "value": FunctionExpression {
                        "body": BlockStatement {
                          "body": Array [
                            ReturnStatement {
                              "argument": JSXElement {
                                "children": Array [
                                  JSXText {
                                    "loc": Object {
                                      "end": Object {
                                        "column": 8,
                                        "line": 22,
                                      },
                                      "indent": 6,
                                      "lines": Lines {},
                                      "start": Object {
                                        "column": 45,
                                        "line": 21,
                                      },
                                    },
                                    "raw": "
        ",
                                    "type": "JSXText",
                                    "value": "
        ",
                                  },
                                  JSXElement {
                                    "children": Array [
                                      JSXExpressionContainer {
                                        "expression": StaticMemberExpression {
                                          "computed": false,
                                          "loc": Object {
                                            "end": Object {
                                              "column": 28,
                                              "line": 22,
                                            },
                                            "indent": 8,
                                            "lines": Lines {},
                                            "start": Object {
                                              "column": 12,
                                              "line": 22,
                                            },
                                          },
                                          "object": StaticMemberExpression {
                                            "computed": false,
                                            "loc": Object {
                                              "end": Object {
                                                "column": 22,
                                                "line": 22,
                                              },
                                              "indent": 8,
                                              "lines": Lines {},
                                              "start": Object {
                                                "column": 12,
                                                "line": 22,
                                              },
                                            },
                                            "object": ThisExpression {
                                              "loc": Object {
                                                "end": Object {
                                                  "column": 16,
                                                  "line": 22,
                                                },
                                                "indent": 8,
                                                "lines": Lines {},
                                                "start": Object {
                                                  "column": 12,
                                                  "line": 22,
                                                },
                                              },
                                              "type": "ThisExpression",
                                            },
                                            "property": Identifier {
                                              "loc": Object {
                                                "end": Object {
                                                  "column": 22,
                                                  "line": 22,
                                                },
                                                "indent": 8,
                                                "lines": Lines {},
                                                "start": Object {
                                                  "column": 17,
                                                  "line": 22,
                                                },
                                              },
                                              "name": "props",
                                              "type": "Identifier",
                                            },
                                            "type": "MemberExpression",
                                          },
                                          "property": Identifier {
                                            "loc": Object {
                                              "end": Object {
                                                "column": 28,
                                                "line": 22,
                                              },
                                              "indent": 8,
                                              "lines": Lines {},
                                              "start": Object {
                                                "column": 23,
                                                "line": 22,
                                              },
                                            },
                                            "name": "label",
                                            "type": "Identifier",
                                          },
                                          "type": "MemberExpression",
                                        },
                                        "loc": Object {
                                          "end": Object {
                                            "column": 29,
                                            "line": 22,
                                          },
                                          "indent": 8,
                                          "lines": Lines {},
                                          "start": Object {
                                            "column": 11,
                                            "line": 22,
                                          },
                                        },
                                        "type": "JSXExpressionContainer",
                                      },
                                    ],
                                    "closingElement": JSXClosingElement {
                                      "loc": Object {
                                        "end": Object {
                                          "column": 33,
                                          "line": 22,
                                        },
                                        "indent": 8,
                                        "lines": Lines {},
                                        "start": Object {
                                          "column": 29,
                                          "line": 22,
                                        },
                                      },
                                      "name": JSXIdentifier {
                                        "loc": Object {
                                          "end": Object {
                                            "column": 32,
                                            "line": 22,
                                          },
                                          "indent": 8,
                                          "lines": Lines {},
                                          "start": Object {
                                            "column": 31,
                                            "line": 22,
                                          },
                                        },
                                        "name": "b",
                                        "type": "JSXIdentifier",
                                      },
                                      "type": "JSXClosingElement",
                                    },
                                    "loc": Object {
                                      "end": Object {
                                        "column": 33,
                                        "line": 22,
                                      },
                                      "indent": 8,
                                      "lines": Lines {},
                                      "start": Object {
                                        "column": 8,
                                        "line": 22,
                                      },
                                    },
                                    "openingElement": JSXOpeningElement {
                                      "attributes": Array [],
                                      "loc": Object {
                                        "end": Object {
                                          "column": 11,
                                          "line": 22,
                                        },
                                        "indent": 8,
                                        "lines": Lines {},
                                        "start": Object {
                                          "column": 8,
                                          "line": 22,
                                        },
                                      },
                                      "name": JSXIdentifier {
                                        "loc": Object {
                                          "end": Object {
                                            "column": 10,
                                            "line": 22,
                                          },
                                          "indent": 8,
                                          "lines": Lines {},
                                          "start": Object {
                                            "column": 9,
                                            "line": 22,
                                          },
                                        },
                                        "name": "b",
                                        "type": "JSXIdentifier",
                                      },
                                      "selfClosing": false,
                                      "type": "JSXOpeningElement",
                                    },
                                    "type": "JSXElement",
                                  },
                                  JSXText {
                                    "loc": Object {
                                      "end": Object {
                                        "column": 6,
                                        "line": 23,
                                      },
                                      "indent": 6,
                                      "lines": Lines {},
                                      "start": Object {
                                        "column": 33,
                                        "line": 22,
                                      },
                                    },
                                    "raw": "
      ",
                                    "type": "JSXText",
                                    "value": "
      ",
                                  },
                                ],
                                "closingElement": JSXClosingElement {
                                  "loc": Object {
                                    "end": Object {
                                      "column": 15,
                                      "line": 23,
                                    },
                                    "indent": 6,
                                    "lines": Lines {},
                                    "start": Object {
                                      "column": 6,
                                      "line": 23,
                                    },
                                  },
                                  "name": JSXIdentifier {
                                    "loc": Object {
                                      "end": Object {
                                        "column": 14,
                                        "line": 23,
                                      },
                                      "indent": 6,
                                      "lines": Lines {},
                                      "start": Object {
                                        "column": 8,
                                        "line": 23,
                                      },
                                    },
                                    "name": "button",
                                    "type": "JSXIdentifier",
                                  },
                                  "type": "JSXClosingElement",
                                },
                                "loc": Object {
                                  "end": Object {
                                    "column": 15,
                                    "line": 23,
                                  },
                                  "indent": 6,
                                  "lines": Lines {},
                                  "start": Object {
                                    "column": 6,
                                    "line": 21,
                                  },
                                },
                                "openingElement": JSXOpeningElement {
                                  "attributes": Array [
                                    JSXAttribute {
                                      "loc": Object {
                                        "end": Object {
                                          "column": 44,
                                          "line": 21,
                                        },
                                        "indent": 6,
                                        "lines": Lines {},
                                        "start": Object {
                                          "column": 14,
                                          "line": 21,
                                        },
                                      },
                                      "name": JSXIdentifier {
                                        "loc": Object {
                                          "end": Object {
                                            "column": 22,
                                            "line": 21,
                                          },
                                          "indent": 6,
                                          "lines": Lines {},
                                          "start": Object {
                                            "column": 14,
                                            "line": 21,
                                          },
                                        },
                                        "name": "disabled",
                                        "type": "JSXIdentifier",
                                      },
                                      "type": "JSXAttribute",
                                      "value": JSXExpressionContainer {
                                        "expression": StaticMemberExpression {
                                          "computed": false,
                                          "loc": Object {
                                            "end": Object {
                                              "column": 43,
                                              "line": 21,
                                            },
                                            "indent": 6,
                                            "lines": Lines {},
                                            "start": Object {
                                              "column": 24,
                                              "line": 21,
                                            },
                                          },
                                          "object": StaticMemberExpression {
                                            "computed": false,
                                            "loc": Object {
                                              "end": Object {
                                                "column": 34,
                                                "line": 21,
                                              },
                                              "indent": 6,
                                              "lines": Lines {},
                                              "start": Object {
                                                "column": 24,
                                                "line": 21,
                                              },
                                            },
                                            "object": ThisExpression {
                                              "loc": Object {
                                                "end": Object {
                                                  "column": 28,
                                                  "line": 21,
                                                },
                                                "indent": 6,
                                                "lines": Lines {},
                                                "start": Object {
                                                  "column": 24,
                                                  "line": 21,
                                                },
                                              },
                                              "type": "ThisExpression",
                                            },
                                            "property": Identifier {
                                              "loc": Object {
                                                "end": Object {
                                                  "column": 34,
                                                  "line": 21,
                                                },
                                                "indent": 6,
                                                "lines": Lines {},
                                                "start": Object {
                                                  "column": 29,
                                                  "line": 21,
                                                },
                                              },
                                              "name": "props",
                                              "type": "Identifier",
                                            },
                                            "type": "MemberExpression",
                                          },
                                          "property": Identifier {
                                            "loc": Object {
                                              "end": Object {
                                                "column": 43,
                                                "line": 21,
                                              },
                                              "indent": 6,
                                              "lines": Lines {},
                                              "start": Object {
                                                "column": 35,
                                                "line": 21,
                                              },
                                            },
                                            "name": "disabled",
                                            "type": "Identifier",
                                          },
                                          "type": "MemberExpression",
                                        },
                                        "loc": Object {
                                          "end": Object {
                                            "column": 44,
                                            "line": 21,
                                          },
                                          "indent": 6,
                                          "lines": Lines {},
                                          "start": Object {
                                            "column": 23,
                                            "line": 21,
                                          },
                                        },
                                        "type": "JSXExpressionContainer",
                                      },
                                    },
                                  ],
                                  "loc": Object {
                                    "end": Object {
                                      "column": 45,
                                      "line": 21,
                                    },
                                    "indent": 6,
                                    "lines": Lines {},
                                    "start": Object {
                                      "column": 6,
                                      "line": 21,
                                    },
                                  },
                                  "name": JSXIdentifier {
                                    "loc": Object {
                                      "end": Object {
                                        "column": 13,
                                        "line": 21,
                                      },
                                      "indent": 6,
                                      "lines": Lines {},
                                      "start": Object {
                                        "column": 7,
                                        "line": 21,
                                      },
                                    },
                                    "name": "button",
                                    "type": "JSXIdentifier",
                                  },
                                  "selfClosing": false,
                                  "type": "JSXOpeningElement",
                                },
                                "type": "JSXElement",
                              },
                              "loc": Object {
                                "end": Object {
                                  "column": 6,
                                  "line": 24,
                                },
                                "indent": 4,
                                "lines": Lines {},
                                "start": Object {
                                  "column": 4,
                                  "line": 20,
                                },
                              },
                              "type": "ReturnStatement",
                            },
                          ],
                          "loc": Object {
                            "end": Object {
                              "column": 3,
                              "line": 25,
                            },
                            "indent": 2,
                            "lines": Lines {},
                            "start": Object {
                              "column": 11,
                              "line": 19,
                            },
                          },
                          "type": "BlockStatement",
                        },
                        "expression": false,
                        "generator": false,
                        "id": null,
                        "loc": null,
                        "params": Array [],
                        "type": "FunctionExpression",
                      },
                    },
                  ],
                  "type": "ObjectExpression",
                },
              ],
              "callee": StaticMemberExpression {
                "computed": false,
                "loc": Object {
                  "end": Object {
                    "column": 32,
                    "line": 3,
                  },
                  "indent": 0,
                  "lines": Lines {},
                  "start": Object {
                    "column": 15,
                    "line": 3,
                  },
                },
                "object": Identifier {
                  "loc": Object {
                    "end": Object {
                      "column": 20,
                      "line": 3,
                    },
                    "indent": 0,
                    "lines": Lines {},
                    "start": Object {
                      "column": 15,
                      "line": 3,
                    },
                  },
                  "name": "React",
                  "type": "Identifier",
                },
                "property": Identifier {
                  "loc": Object {
                    "end": Object {
                      "column": 32,
                      "line": 3,
                    },
                    "indent": 0,
                    "lines": Lines {},
                    "start": Object {
                      "column": 21,
                      "line": 3,
                    },
                  },
                  "name": "createClass",
                  "type": "Identifier",
                },
                "type": "MemberExpression",
              },
              "loc": Object {
                "end": Object {
                  "column": 2,
                  "line": 26,
                },
                "indent": 0,
                "lines": Lines {},
                "start": Object {
                  "column": 15,
                  "line": 3,
                },
              },
              "type": "CallExpression",
            },
            "loc": Object {
              "end": Object {
                "column": 2,
                "line": 26,
              },
              "indent": 0,
              "lines": Lines {},
              "start": Object {
                "column": 6,
                "line": 3,
              },
            },
            "type": "VariableDeclarator",
          },
        ],
        "kind": "const",
        "loc": Object {
          "end": Object {
            "column": 3,
            "line": 26,
          },
          "indent": 0,
          "lines": Lines {},
          "start": Object {
            "column": 0,
            "line": 3,
          },
        },
        "type": "VariableDeclaration",
      },
      ExportDefaultDeclaration {
        "declaration": Identifier {
          "loc": null,
          "name": "Button",
          "type": "Identifier",
        },
        "loc": Object {
          "end": Object {
            "column": 22,
            "line": 28,
          },
          "indent": 0,
          "lines": Lines {},
          "start": Object {
            "column": 0,
            "line": 28,
          },
        },
        "type": "ExportDefaultDeclaration",
      },
    ],
    "errors": Array [],
    "loc": Object {
      "end": Object {
        "column": 22,
        "line": 28,
      },
      "indent": 0,
      "lines": Lines {},
      "start": Object {
        "column": 0,
        "line": 1,
      },
    },
    "sourceType": "module",
    "type": "Program",
  },
  "type": "File",
}
`;

exports[`parseModule should parse simple exports 1`] = `
Object {
  "comments": null,
  "loc": Object {
    "end": Object {
      "column": 0,
      "line": 14,
    },
    "indent": 0,
    "lines": Lines {},
    "start": Object {
      "column": 0,
      "line": 1,
    },
  },
  "program": Program {
    "body": Array [
      VariableDeclaration {
        "declarations": Array [
          VariableDeclarator {
            "id": Identifier {
              "loc": Object {
                "end": Object {
                  "column": 14,
                  "line": 1,
                },
                "indent": 0,
                "lines": Lines {},
                "start": Object {
                  "column": 6,
                  "line": 1,
                },
              },
              "name": "refConst",
              "type": "Identifier",
            },
            "init": Literal {
              "loc": Object {
                "end": Object {
                  "column": 21,
                  "line": 1,
                },
                "indent": 0,
                "lines": Lines {},
                "start": Object {
                  "column": 17,
                  "line": 1,
                },
              },
              "raw": "true",
              "type": "Literal",
              "value": true,
            },
            "loc": Object {
              "end": Object {
                "column": 21,
                "line": 1,
              },
              "indent": 0,
              "lines": Lines {},
              "start": Object {
                "column": 6,
                "line": 1,
              },
            },
            "type": "VariableDeclarator",
          },
        ],
        "kind": "const",
        "loc": Object {
          "end": Object {
            "column": 22,
            "line": 1,
          },
          "indent": 0,
          "lines": Lines {},
          "start": Object {
            "column": 0,
            "line": 1,
          },
        },
        "type": "VariableDeclaration",
      },
      FunctionDeclaration {
        "body": BlockStatement {
          "body": Array [],
          "loc": Object {
            "end": Object {
              "column": 1,
              "line": 4,
            },
            "indent": 0,
            "lines": Lines {},
            "start": Object {
              "column": 19,
              "line": 3,
            },
          },
          "type": "BlockStatement",
        },
        "expression": false,
        "generator": false,
        "id": Identifier {
          "loc": Object {
            "end": Object {
              "column": 16,
              "line": 3,
            },
            "indent": 0,
            "lines": Lines {},
            "start": Object {
              "column": 9,
              "line": 3,
            },
          },
          "name": "refFunc",
          "type": "Identifier",
        },
        "loc": Object {
          "end": Object {
            "column": 1,
            "line": 4,
          },
          "indent": 0,
          "lines": Lines {},
          "start": Object {
            "column": 0,
            "line": 3,
          },
        },
        "params": Array [],
        "type": "FunctionDeclaration",
      },
      ExportNamedDeclaration {
        "declaration": null,
        "loc": Object {
          "end": Object {
            "column": 29,
            "line": 6,
          },
          "indent": 0,
          "lines": Lines {},
          "start": Object {
            "column": 0,
            "line": 6,
          },
        },
        "source": null,
        "specifiers": Array [
          ExportSpecifier {
            "exported": Identifier {
              "loc": Object {
                "end": Object {
                  "column": 17,
                  "line": 6,
                },
                "indent": 0,
                "lines": Lines {},
                "start": Object {
                  "column": 9,
                  "line": 6,
                },
              },
              "name": "refConst",
              "type": "Identifier",
            },
            "loc": Object {
              "end": Object {
                "column": 17,
                "line": 6,
              },
              "indent": 0,
              "lines": Lines {},
              "start": Object {
                "column": 9,
                "line": 6,
              },
            },
            "local": Identifier {
              "loc": Object {
                "end": Object {
                  "column": 17,
                  "line": 6,
                },
                "indent": 0,
                "lines": Lines {},
                "start": Object {
                  "column": 9,
                  "line": 6,
                },
              },
              "name": "refConst",
              "type": "Identifier",
            },
            "type": "ExportSpecifier",
          },
          ExportSpecifier {
            "exported": Identifier {
              "loc": Object {
                "end": Object {
                  "column": 26,
                  "line": 6,
                },
                "indent": 0,
                "lines": Lines {},
                "start": Object {
                  "column": 19,
                  "line": 6,
                },
              },
              "name": "refFunc",
              "type": "Identifier",
            },
            "loc": Object {
              "end": Object {
                "column": 26,
                "line": 6,
              },
              "indent": 0,
              "lines": Lines {},
              "start": Object {
                "column": 19,
                "line": 6,
              },
            },
            "local": Identifier {
              "loc": Object {
                "end": Object {
                  "column": 26,
                  "line": 6,
                },
                "indent": 0,
                "lines": Lines {},
                "start": Object {
                  "column": 19,
                  "line": 6,
                },
              },
              "name": "refFunc",
              "type": "Identifier",
            },
            "type": "ExportSpecifier",
          },
        ],
        "type": "ExportNamedDeclaration",
      },
      ExportNamedDeclaration {
        "declaration": VariableDeclaration {
          "declarations": Array [
            VariableDeclarator {
              "id": Identifier {
                "loc": Object {
                  "end": Object {
                    "column": 24,
                    "line": 8,
                  },
                  "indent": 0,
                  "lines": Lines {},
                  "start": Object {
                    "column": 13,
                    "line": 8,
                  },
                },
                "name": "inlineConst",
                "type": "Identifier",
              },
              "init": Literal {
                "loc": Object {
                  "end": Object {
                    "column": 31,
                    "line": 8,
                  },
                  "indent": 0,
                  "lines": Lines {},
                  "start": Object {
                    "column": 27,
                    "line": 8,
                  },
                },
                "raw": "true",
                "type": "Literal",
                "value": true,
              },
              "loc": Object {
                "end": Object {
                  "column": 31,
                  "line": 8,
                },
                "indent": 0,
                "lines": Lines {},
                "start": Object {
                  "column": 13,
                  "line": 8,
                },
              },
              "type": "VariableDeclarator",
            },
          ],
          "kind": "const",
          "loc": null,
          "type": "VariableDeclaration",
        },
        "loc": Object {
          "end": Object {
            "column": 32,
            "line": 8,
          },
          "indent": 0,
          "lines": Lines {},
          "start": Object {
            "column": 0,
            "line": 8,
          },
        },
        "source": null,
        "specifiers": Array [],
        "type": "ExportNamedDeclaration",
      },
      ExportNamedDeclaration {
        "declaration": FunctionDeclaration {
          "body": BlockStatement {
            "body": Array [],
            "loc": Object {
              "end": Object {
                "column": 1,
                "line": 11,
              },
              "indent": 0,
              "lines": Lines {},
              "start": Object {
                "column": 29,
                "line": 10,
              },
            },
            "type": "BlockStatement",
          },
          "expression": false,
          "generator": false,
          "id": Identifier {
            "loc": Object {
              "end": Object {
                "column": 26,
                "line": 10,
              },
              "indent": 0,
              "lines": Lines {},
              "start": Object {
                "column": 16,
                "line": 10,
              },
            },
            "name": "inlineFunc",
            "type": "Identifier",
          },
          "loc": null,
          "params": Array [],
          "type": "FunctionDeclaration",
        },
        "loc": Object {
          "end": Object {
            "column": 1,
            "line": 11,
          },
          "indent": 0,
          "lines": Lines {},
          "start": Object {
            "column": 0,
            "line": 10,
          },
        },
        "source": null,
        "specifiers": Array [],
        "type": "ExportNamedDeclaration",
      },
      ExportDefaultDeclaration {
        "declaration": Identifier {
          "loc": null,
          "name": "refConst",
          "type": "Identifier",
        },
        "loc": Object {
          "end": Object {
            "column": 24,
            "line": 13,
          },
          "indent": 0,
          "lines": Lines {},
          "start": Object {
            "column": 0,
            "line": 13,
          },
        },
        "type": "ExportDefaultDeclaration",
      },
    ],
    "errors": Array [],
    "loc": Object {
      "end": Object {
        "column": 24,
        "line": 13,
      },
      "indent": 0,
      "lines": Lines {},
      "start": Object {
        "column": 0,
        "line": 1,
      },
    },
    "sourceType": "module",
    "type": "Program",
  },
  "type": "File",
}
`;
